compute_dcu.cpp:200:5: warning: ignoring return value of function declared with 'nodiscard' attribute [-Wunused-result]
    hipGetDeviceCount(&gpu_count);
    ^~~~~~~~~~~~~~~~~ ~~~~~~~~~~
compute_dcu.cpp:404:5: warning: ignoring return value of function declared with 'nodiscard' attribute [-Wunused-result]
    hipGetDeviceCount(&gpu_count);
    ^~~~~~~~~~~~~~~~~ ~~~~~~~~~~
compute_dcu.cpp:580:5: warning: ignoring return value of function declared with 'nodiscard' attribute [-Wunused-result]
    hipGetDeviceCount(&gpu_count);
    ^~~~~~~~~~~~~~~~~ ~~~~~~~~~~
3 warnings generated when compiling for gfx906.
compute_dcu.cpp:200:5: warning: ignoring return value of function declared with 'nodiscard' attribute [-Wunused-result]
    hipGetDeviceCount(&gpu_count);
    ^~~~~~~~~~~~~~~~~ ~~~~~~~~~~
compute_dcu.cpp:404:5: warning: ignoring return value of function declared with 'nodiscard' attribute [-Wunused-result]
    hipGetDeviceCount(&gpu_count);
    ^~~~~~~~~~~~~~~~~ ~~~~~~~~~~
compute_dcu.cpp:580:5: warning: ignoring return value of function declared with 'nodiscard' attribute [-Wunused-result]
    hipGetDeviceCount(&gpu_count);
    ^~~~~~~~~~~~~~~~~ ~~~~~~~~~~
3 warnings generated when compiling for host.

real	0m24.725s
user	6m9.962s
sys	0m50.027s
